                                   MODFLOW 6
                U.S. GEOLOGICAL SURVEY MODULAR HYDROLOGIC MODEL
                          GROUNDWATER FLOW MODEL (GWF)
                            VERSION 6.6.2 05/12/2025

   MODFLOW 6 compiled May 12 2025 12:42:18 with Intel(R) Fortran Intel(R) 64
   Compiler Classic for applications running on Intel(R) 64, Version 2021.7.0
                             Build 20220726_000000

This software has been approved for release by the U.S. Geological 
Survey (USGS). Although the software has been subjected to rigorous 
review, the USGS reserves the right to update the software as needed 
pursuant to further analysis and review. No warranty, expressed or 
implied, is made by the USGS or the U.S. Government as to the 
functionality of the software and related material nor shall the 
fact of release constitute any such warranty. Furthermore, the 
software is released on condition that neither the USGS nor the U.S. 
Government shall be held liable for any damages resulting from its 
authorized or unauthorized use. Also refer to the USGS Water 
Resources Software User Rights Notice for complete use, copyright, 
and distribution information.


As a work of the United States Government, this USGS product is 
in the public domain within the United States. You can copy, 
modify, distribute, and perform the work, even for commercial 
purposes, all without asking permission. Additionally, USGS 
waives copyright and related rights in the work worldwide 
through CC0 1.0 Universal Public Domain Dedication 
(https://creativecommons.org/publicdomain/zero/1.0/).

The following GNU Lesser General Public License (LGPL) libraries
are used in this USGS product:

    SPARSKIT version 2.0
      ilut, luson, and qsplit 
      (https://www-users.cse.umn.edu/~saad/software/SPARSKIT/)

    RCM - Reverse Cuthill McKee Ordering
      (https://people.math.sc.edu/Burkardt/f_src/rcm/rcm.html)

    BLAS - Basic Linear Algebra Subprograms Level 1
      (https://people.math.sc.edu/Burkardt/f_src/blas1_d/blas1_d.html)

    SPARSEKIT - Sparse Matrix Utility Package
      amux, dperm, dvperm, rperm, and cperm
      (https://people.sc.fsu.edu/~jburkardt/f77_src/sparsekit/sparsekit.html)

The following BSD-3 License libraries are used in this USGS product:

    Modern Fortran DAG Library
      Copyright (c) 2018, Jacob Williams
      All rights reserved.
      (https://github.com/jacobwilliams/daglib)

MODFLOW 6 compiler options: /Isrc\libmf6core.a.p /Isrc /I..\src
/Isrc\libmf6_external.a.p /MT /nologo /warn:general /warn:truncated_source
/stand:f18 /O2 /fpe:0 /heap-arrays:0 /traceback /fpp /Qdiag-disable:7416
/Qdiag-disable:7025 /Qdiag-disable:5268 /Qdiag-disable:10448
/Fdsrc\libmf6core.a.p\Utilities_compilerversion.F90.pdb
/module:src\libmf6core.a.p
/Fosrc/libmf6core.a.p/Utilities_compilerversion.F90.obj /c

System command used to initiate simulation:
C:\Users\lucialabarca\mf6.6.2_win64\bin\mf6.exe

MODFLOW was compiled using uniform precision.

Real Variables
  KIND: 8
  TINY (smallest non-zero value):    2.225074-308
  HUGE (largest value):    1.797693+308
  PRECISION: 15
  SIZE IN BITS: 64

Integer Variables
  KIND: 4
  HUGE (largest value): 2147483647
  SIZE IN BITS: 32

Long Integer Variables
  KIND: 8
  HUGE (largest value): 9223372036854775807
  SIZE IN BITS: 64

Logical Variables
  KIND: 4
  SIZE IN BITS: 32
 
 NAMEFILE OPTIONS:
    FLOWS WILL BE SAVED TO BUDGET FILE SPECIFIED IN OUTPUT CONTROL
 END NAMEFILE OPTIONS:

 DIS -- STRUCTURED GRID DISCRETIZATION PACKAGE, VERSION 2 : 3/27/2014 - INPUT READ FROM MEMPATH: __INPUT__/GWF_WS_EXAMPLE_1/DIS                    


 NPF -- NODE PROPERTY FLOW PACKAGE, VERSION 1, 3/30/2015 INPUT READ FROM MEMPATH: __INPUT__/GWF_WS_EXAMPLE_1/NPF                    


 IC -- Initial Conditions Package, Version 8, 3/28/2015 input read from mempath: __INPUT__/GWF_WS_EXAMPLE_1/IC                     


 Setting Discretization Options
 End Setting Discretization Options

 Setting Discretization Dimensions
    NLAY = 1
    NROW = 101
    NCOL = 101
 End Setting Discretization Dimensions

 Setting Discretization Griddata
    DELR set from input file
    DELC set from input file
    TOP set from input file
    BOTM set from input file
 End Setting Discretization Griddata

 Setting NPF Options
    Cell-by-cell flow information will be saved to binary file whenever ICBCFL is not zero.
    Specific discharge will be calculated at cell centers and written to DATA-SPDIS in budget file when requested.
 End Setting NPF Options

 Setting NPF Griddata
    ICELLTYPE set from input file
    K set from input file
    K33 set from input file
    K22 not provided.  Setting K22 = K.
 End Setting NPF Griddata


 WEL   -- WEL PACKAGE, VERSION 8, 2/22/2014 INPUT READ FROM MEMPATH: __INPUT__/GWF_WS_EXAMPLE_1/WEL-1                  

 PROCESSING WEL BASE OPTIONS
    FLOWS WILL BE SAVED TO BUDGET FILE SPECIFIED IN OUTPUT CONTROL
 END OF WEL BASE OPTIONS

 PROCESSING WEL OPTIONS
 END OF WEL OPTIONS

 PROCESSING WEL BASE DIMENSIONS
    MAXBOUND =       1
 END OF WEL BASE DIMENSIONS

 CHD   -- CHD PACKAGE, VERSION 8, 2/22/2014 INPUT READ FROM MEMPATH: __INPUT__/GWF_WS_EXAMPLE_1/CHD-1                  

 PROCESSING CHD BASE OPTIONS
    FLOWS WILL BE SAVED TO BUDGET FILE SPECIFIED IN OUTPUT CONTROL
 END OF CHD BASE OPTIONS

 PROCESSING CHD BASE DIMENSIONS
    MAXBOUND =     202
 END OF CHD BASE DIMENSIONS
    STRT set from input file

 STO -- STORAGE PACKAGE, VERSION 1, 5/19/2014 INPUT READ FROM MEMPATH: __INPUT__/GWF_WS_EXAMPLE_1/STO                    


 PROCESSING STORAGE OPTIONS
    CELL-BY-CELL FLOW INFORMATION WILL BE SAVED TO BINARY FILE WHENEVER ICBCFL IS NOT ZERO.
 END OF STORAGE OPTIONS
    BINARY GRID INFORMATION WILL BE WRITTEN TO:
      UNIT NUMBER: 1013
      FILE NAME: gwf_ws_example_1.dis.grb

 OPENED gwf_ws_example_1.dis.grb
 FILE TYPE:DATA(BINARY)   UNIT 1013   STATUS:REPLACE             
 FORMAT:UNFORMATTED            ACCESS:STREAM              
 ACTION:READWRITE           

      THE LAST TIME STEP WILL BE PRINTED
      THE LAST TIME STEP WILL BE PRINTED
 # File generated by Flopy version 3.9.3 on 10/07/2025 at 12:59:32.

 PROCESSING OC OPTIONS

    BUDGET INFORMATION WILL BE WRITTEN TO:
      UNIT NUMBER: 1014
      FILE NAME: gwf_ws_example_1.bud

 OPENED gwf_ws_example_1.bud
 FILE TYPE:DATA(BINARY)   UNIT 1014   STATUS:REPLACE             
 FORMAT:UNFORMATTED            ACCESS:STREAM              
 ACTION:READWRITE           

    HEAD INFORMATION WILL BE WRITTEN TO:
      UNIT NUMBER: 1015
      FILE NAME: gwf_ws_example_1.hds

 OPENED gwf_ws_example_1.hds
 FILE TYPE:DATA(BINARY)   UNIT 1015   STATUS:REPLACE             
 FORMAT:UNFORMATTED            ACCESS:STREAM              
 ACTION:READWRITE           

 END OF OC OPTIONS

start timestep kper="1" kstp="1" mode="normal"


 BEGIN READING OUTPUT CONTROL FOR STRESS PERIOD 1
      ALL TIME STEPS WILL BE SAVED
      ALL TIME STEPS WILL BE SAVED

 END READING OUTPUT CONTROL FOR STRESS PERIOD 1


 PROCESSING STORAGE PERIOD DATA
 END PROCESSING STORAGE PERIOD DATA


 STRESS PERIOD 1 IS STEADY-STATE

 UBDSV1 SAVING           STO-SS ON UNIT   1014 AT TIME STEP      1, STRESS PERIOD      1
 UBDSV1 SAVING           STO-SY ON UNIT   1014 AT TIME STEP      1, STRESS PERIOD      1
 UBDSV1 SAVING     FLOW-JA-FACE ON UNIT   1014 AT TIME STEP      1, STRESS PERIOD      1
 UBDSV06 SAVING       DATA-SPDIS IN MODEL GWF_WS_EXAMPLE_1 PACKAGE NPF             CONNECTED TO MODEL GWF_WS_EXAMPLE_1 PACKAGE NPF              ON UNIT   1014 AT TIME STEP      1, STRESS PERIOD      1
 UBDSV06 SAVING              WEL IN MODEL GWF_WS_EXAMPLE_1 PACKAGE GWF_WS_EXAMPLE_1CONNECTED TO MODEL GWF_WS_EXAMPLE_1 PACKAGE WEL-1            ON UNIT   1014 AT TIME STEP      1, STRESS PERIOD      1
 UBDSV06 SAVING              CHD IN MODEL GWF_WS_EXAMPLE_1 PACKAGE GWF_WS_EXAMPLE_1CONNECTED TO MODEL GWF_WS_EXAMPLE_1 PACKAGE CHD-1            ON UNIT   1014 AT TIME STEP      1, STRESS PERIOD      1

 HEAD WILL BE SAVED ON UNIT 1015 AT END OF TIME STEP    1, STRESS PERIOD    1


  VOLUME BUDGET FOR ENTIRE MODEL AT END OF TIME STEP    1, STRESS PERIOD   1
  ---------------------------------------------------------------------------------------------------

     CUMULATIVE VOLUME      L**3       RATES FOR THIS TIME STEP      L**3/T          PACKAGE NAME    
     ------------------                 ------------------------                     ----------------

           IN:                                      IN:
           ---                                      ---
              STO-SS =           0.0000                STO-SS =           0.0000     STORAGE                          
              STO-SY =           0.0000                STO-SY =           0.0000     STORAGE                          
                 WEL =           0.0000                   WEL =           0.0000     WEL-1                            
                 CHD =          14.8837                   CHD =          14.8837     CHD-1                            

            TOTAL IN =          14.8837              TOTAL IN =          14.8837

          OUT:                                     OUT:
          ----                                     ----
              STO-SS =           0.0000                STO-SS =           0.0000     STORAGE                          
              STO-SY =           0.0000                STO-SY =           0.0000     STORAGE                          
                 WEL =           0.0000                   WEL =           0.0000     WEL-1                            
                 CHD =          15.1526                   CHD =          15.1526     CHD-1                            

           TOTAL OUT =          15.1526             TOTAL OUT =          15.1526

            IN - OUT =          -0.2688              IN - OUT =          -0.2688

 PERCENT DISCREPANCY =          -1.79     PERCENT DISCREPANCY =          -1.79




         TIME SUMMARY AT END OF TIME STEP    1 IN STRESS PERIOD    1
                    SECONDS     MINUTES      HOURS       DAYS        YEARS
                    -----------------------------------------------------------
   TIME STEP LENGTH  86400.      1440.0      24.000      1.0000     2.73785E-03
 STRESS PERIOD TIME  86400.      1440.0      24.000      1.0000     2.73785E-03
         TOTAL TIME  86400.      1440.0      24.000      1.0000     2.73785E-03


end timestep


start timestep kper="2" kstp="1" mode="normal"


 END OF FILE DETECTED IN OUTPUT CONTROL.
 CURRENT OUTPUT CONTROL SETTINGS WILL BE 
 REPEATED UNTIL THE END OF THE SIMULATION.

 OUTPUT CONTROL FOR STRESS PERIOD 2 IS REPEATED USING SETTINGS FROM A PREVIOUS STRESS PERIOD.


 PROCESSING STORAGE PERIOD DATA
 END PROCESSING STORAGE PERIOD DATA


 STRESS PERIOD 2 IS TRANSIENT

 UBDSV1 SAVING           STO-SS ON UNIT   1014 AT TIME STEP      1, STRESS PERIOD      2
 UBDSV1 SAVING           STO-SY ON UNIT   1014 AT TIME STEP      1, STRESS PERIOD      2
 UBDSV1 SAVING     FLOW-JA-FACE ON UNIT   1014 AT TIME STEP      1, STRESS PERIOD      2
 UBDSV06 SAVING       DATA-SPDIS IN MODEL GWF_WS_EXAMPLE_1 PACKAGE NPF             CONNECTED TO MODEL GWF_WS_EXAMPLE_1 PACKAGE NPF              ON UNIT   1014 AT TIME STEP      1, STRESS PERIOD      2
 UBDSV06 SAVING              WEL IN MODEL GWF_WS_EXAMPLE_1 PACKAGE GWF_WS_EXAMPLE_1CONNECTED TO MODEL GWF_WS_EXAMPLE_1 PACKAGE WEL-1            ON UNIT   1014 AT TIME STEP      1, STRESS PERIOD      2
 UBDSV06 SAVING              CHD IN MODEL GWF_WS_EXAMPLE_1 PACKAGE GWF_WS_EXAMPLE_1CONNECTED TO MODEL GWF_WS_EXAMPLE_1 PACKAGE CHD-1            ON UNIT   1014 AT TIME STEP      1, STRESS PERIOD      2

 HEAD WILL BE SAVED ON UNIT 1015 AT END OF TIME STEP    1, STRESS PERIOD    2

end timestep


start timestep kper="2" kstp="2" mode="normal"

 UBDSV1 SAVING           STO-SS ON UNIT   1014 AT TIME STEP      2, STRESS PERIOD      2
 UBDSV1 SAVING           STO-SY ON UNIT   1014 AT TIME STEP      2, STRESS PERIOD      2
 UBDSV1 SAVING     FLOW-JA-FACE ON UNIT   1014 AT TIME STEP      2, STRESS PERIOD      2
 UBDSV06 SAVING       DATA-SPDIS IN MODEL GWF_WS_EXAMPLE_1 PACKAGE NPF             CONNECTED TO MODEL GWF_WS_EXAMPLE_1 PACKAGE NPF              ON UNIT   1014 AT TIME STEP      2, STRESS PERIOD      2
 UBDSV06 SAVING              WEL IN MODEL GWF_WS_EXAMPLE_1 PACKAGE GWF_WS_EXAMPLE_1CONNECTED TO MODEL GWF_WS_EXAMPLE_1 PACKAGE WEL-1            ON UNIT   1014 AT TIME STEP      2, STRESS PERIOD      2
 UBDSV06 SAVING              CHD IN MODEL GWF_WS_EXAMPLE_1 PACKAGE GWF_WS_EXAMPLE_1CONNECTED TO MODEL GWF_WS_EXAMPLE_1 PACKAGE CHD-1            ON UNIT   1014 AT TIME STEP      2, STRESS PERIOD      2

 HEAD WILL BE SAVED ON UNIT 1015 AT END OF TIME STEP    2, STRESS PERIOD    2

end timestep


start timestep kper="2" kstp="3" mode="normal"

 UBDSV1 SAVING           STO-SS ON UNIT   1014 AT TIME STEP      3, STRESS PERIOD      2
 UBDSV1 SAVING           STO-SY ON UNIT   1014 AT TIME STEP      3, STRESS PERIOD      2
 UBDSV1 SAVING     FLOW-JA-FACE ON UNIT   1014 AT TIME STEP      3, STRESS PERIOD      2
 UBDSV06 SAVING       DATA-SPDIS IN MODEL GWF_WS_EXAMPLE_1 PACKAGE NPF             CONNECTED TO MODEL GWF_WS_EXAMPLE_1 PACKAGE NPF              ON UNIT   1014 AT TIME STEP      3, STRESS PERIOD      2
 UBDSV06 SAVING              WEL IN MODEL GWF_WS_EXAMPLE_1 PACKAGE GWF_WS_EXAMPLE_1CONNECTED TO MODEL GWF_WS_EXAMPLE_1 PACKAGE WEL-1            ON UNIT   1014 AT TIME STEP      3, STRESS PERIOD      2
 UBDSV06 SAVING              CHD IN MODEL GWF_WS_EXAMPLE_1 PACKAGE GWF_WS_EXAMPLE_1CONNECTED TO MODEL GWF_WS_EXAMPLE_1 PACKAGE CHD-1            ON UNIT   1014 AT TIME STEP      3, STRESS PERIOD      2

 HEAD WILL BE SAVED ON UNIT 1015 AT END OF TIME STEP    3, STRESS PERIOD    2

end timestep


start timestep kper="2" kstp="4" mode="normal"

 UBDSV1 SAVING           STO-SS ON UNIT   1014 AT TIME STEP      4, STRESS PERIOD      2
 UBDSV1 SAVING           STO-SY ON UNIT   1014 AT TIME STEP      4, STRESS PERIOD      2
 UBDSV1 SAVING     FLOW-JA-FACE ON UNIT   1014 AT TIME STEP      4, STRESS PERIOD      2
 UBDSV06 SAVING       DATA-SPDIS IN MODEL GWF_WS_EXAMPLE_1 PACKAGE NPF             CONNECTED TO MODEL GWF_WS_EXAMPLE_1 PACKAGE NPF              ON UNIT   1014 AT TIME STEP      4, STRESS PERIOD      2
 UBDSV06 SAVING              WEL IN MODEL GWF_WS_EXAMPLE_1 PACKAGE GWF_WS_EXAMPLE_1CONNECTED TO MODEL GWF_WS_EXAMPLE_1 PACKAGE WEL-1            ON UNIT   1014 AT TIME STEP      4, STRESS PERIOD      2
 UBDSV06 SAVING              CHD IN MODEL GWF_WS_EXAMPLE_1 PACKAGE GWF_WS_EXAMPLE_1CONNECTED TO MODEL GWF_WS_EXAMPLE_1 PACKAGE CHD-1            ON UNIT   1014 AT TIME STEP      4, STRESS PERIOD      2

 HEAD WILL BE SAVED ON UNIT 1015 AT END OF TIME STEP    4, STRESS PERIOD    2

end timestep


start timestep kper="2" kstp="5" mode="normal"

 UBDSV1 SAVING           STO-SS ON UNIT   1014 AT TIME STEP      5, STRESS PERIOD      2
 UBDSV1 SAVING           STO-SY ON UNIT   1014 AT TIME STEP      5, STRESS PERIOD      2
 UBDSV1 SAVING     FLOW-JA-FACE ON UNIT   1014 AT TIME STEP      5, STRESS PERIOD      2
 UBDSV06 SAVING       DATA-SPDIS IN MODEL GWF_WS_EXAMPLE_1 PACKAGE NPF             CONNECTED TO MODEL GWF_WS_EXAMPLE_1 PACKAGE NPF              ON UNIT   1014 AT TIME STEP      5, STRESS PERIOD      2
 UBDSV06 SAVING              WEL IN MODEL GWF_WS_EXAMPLE_1 PACKAGE GWF_WS_EXAMPLE_1CONNECTED TO MODEL GWF_WS_EXAMPLE_1 PACKAGE WEL-1            ON UNIT   1014 AT TIME STEP      5, STRESS PERIOD      2
 UBDSV06 SAVING              CHD IN MODEL GWF_WS_EXAMPLE_1 PACKAGE GWF_WS_EXAMPLE_1CONNECTED TO MODEL GWF_WS_EXAMPLE_1 PACKAGE CHD-1            ON UNIT   1014 AT TIME STEP      5, STRESS PERIOD      2

 HEAD WILL BE SAVED ON UNIT 1015 AT END OF TIME STEP    5, STRESS PERIOD    2

end timestep


start timestep kper="2" kstp="6" mode="normal"

 UBDSV1 SAVING           STO-SS ON UNIT   1014 AT TIME STEP      6, STRESS PERIOD      2
 UBDSV1 SAVING           STO-SY ON UNIT   1014 AT TIME STEP      6, STRESS PERIOD      2
 UBDSV1 SAVING     FLOW-JA-FACE ON UNIT   1014 AT TIME STEP      6, STRESS PERIOD      2
 UBDSV06 SAVING       DATA-SPDIS IN MODEL GWF_WS_EXAMPLE_1 PACKAGE NPF             CONNECTED TO MODEL GWF_WS_EXAMPLE_1 PACKAGE NPF              ON UNIT   1014 AT TIME STEP      6, STRESS PERIOD      2
 UBDSV06 SAVING              WEL IN MODEL GWF_WS_EXAMPLE_1 PACKAGE GWF_WS_EXAMPLE_1CONNECTED TO MODEL GWF_WS_EXAMPLE_1 PACKAGE WEL-1            ON UNIT   1014 AT TIME STEP      6, STRESS PERIOD      2
 UBDSV06 SAVING              CHD IN MODEL GWF_WS_EXAMPLE_1 PACKAGE GWF_WS_EXAMPLE_1CONNECTED TO MODEL GWF_WS_EXAMPLE_1 PACKAGE CHD-1            ON UNIT   1014 AT TIME STEP      6, STRESS PERIOD      2

 HEAD WILL BE SAVED ON UNIT 1015 AT END OF TIME STEP    6, STRESS PERIOD    2

end timestep


start timestep kper="2" kstp="7" mode="normal"

 UBDSV1 SAVING           STO-SS ON UNIT   1014 AT TIME STEP      7, STRESS PERIOD      2
 UBDSV1 SAVING           STO-SY ON UNIT   1014 AT TIME STEP      7, STRESS PERIOD      2
 UBDSV1 SAVING     FLOW-JA-FACE ON UNIT   1014 AT TIME STEP      7, STRESS PERIOD      2
 UBDSV06 SAVING       DATA-SPDIS IN MODEL GWF_WS_EXAMPLE_1 PACKAGE NPF             CONNECTED TO MODEL GWF_WS_EXAMPLE_1 PACKAGE NPF              ON UNIT   1014 AT TIME STEP      7, STRESS PERIOD      2
 UBDSV06 SAVING              WEL IN MODEL GWF_WS_EXAMPLE_1 PACKAGE GWF_WS_EXAMPLE_1CONNECTED TO MODEL GWF_WS_EXAMPLE_1 PACKAGE WEL-1            ON UNIT   1014 AT TIME STEP      7, STRESS PERIOD      2
 UBDSV06 SAVING              CHD IN MODEL GWF_WS_EXAMPLE_1 PACKAGE GWF_WS_EXAMPLE_1CONNECTED TO MODEL GWF_WS_EXAMPLE_1 PACKAGE CHD-1            ON UNIT   1014 AT TIME STEP      7, STRESS PERIOD      2

 HEAD WILL BE SAVED ON UNIT 1015 AT END OF TIME STEP    7, STRESS PERIOD    2

end timestep


start timestep kper="2" kstp="8" mode="normal"

 UBDSV1 SAVING           STO-SS ON UNIT   1014 AT TIME STEP      8, STRESS PERIOD      2
 UBDSV1 SAVING           STO-SY ON UNIT   1014 AT TIME STEP      8, STRESS PERIOD      2
 UBDSV1 SAVING     FLOW-JA-FACE ON UNIT   1014 AT TIME STEP      8, STRESS PERIOD      2
 UBDSV06 SAVING       DATA-SPDIS IN MODEL GWF_WS_EXAMPLE_1 PACKAGE NPF             CONNECTED TO MODEL GWF_WS_EXAMPLE_1 PACKAGE NPF              ON UNIT   1014 AT TIME STEP      8, STRESS PERIOD      2
 UBDSV06 SAVING              WEL IN MODEL GWF_WS_EXAMPLE_1 PACKAGE GWF_WS_EXAMPLE_1CONNECTED TO MODEL GWF_WS_EXAMPLE_1 PACKAGE WEL-1            ON UNIT   1014 AT TIME STEP      8, STRESS PERIOD      2
 UBDSV06 SAVING              CHD IN MODEL GWF_WS_EXAMPLE_1 PACKAGE GWF_WS_EXAMPLE_1CONNECTED TO MODEL GWF_WS_EXAMPLE_1 PACKAGE CHD-1            ON UNIT   1014 AT TIME STEP      8, STRESS PERIOD      2

 HEAD WILL BE SAVED ON UNIT 1015 AT END OF TIME STEP    8, STRESS PERIOD    2

end timestep


start timestep kper="2" kstp="9" mode="normal"

 UBDSV1 SAVING           STO-SS ON UNIT   1014 AT TIME STEP      9, STRESS PERIOD      2
 UBDSV1 SAVING           STO-SY ON UNIT   1014 AT TIME STEP      9, STRESS PERIOD      2
 UBDSV1 SAVING     FLOW-JA-FACE ON UNIT   1014 AT TIME STEP      9, STRESS PERIOD      2
 UBDSV06 SAVING       DATA-SPDIS IN MODEL GWF_WS_EXAMPLE_1 PACKAGE NPF             CONNECTED TO MODEL GWF_WS_EXAMPLE_1 PACKAGE NPF              ON UNIT   1014 AT TIME STEP      9, STRESS PERIOD      2
 UBDSV06 SAVING              WEL IN MODEL GWF_WS_EXAMPLE_1 PACKAGE GWF_WS_EXAMPLE_1CONNECTED TO MODEL GWF_WS_EXAMPLE_1 PACKAGE WEL-1            ON UNIT   1014 AT TIME STEP      9, STRESS PERIOD      2
 UBDSV06 SAVING              CHD IN MODEL GWF_WS_EXAMPLE_1 PACKAGE GWF_WS_EXAMPLE_1CONNECTED TO MODEL GWF_WS_EXAMPLE_1 PACKAGE CHD-1            ON UNIT   1014 AT TIME STEP      9, STRESS PERIOD      2

 HEAD WILL BE SAVED ON UNIT 1015 AT END OF TIME STEP    9, STRESS PERIOD    2

end timestep


start timestep kper="2" kstp="10" mode="normal"

 UBDSV1 SAVING           STO-SS ON UNIT   1014 AT TIME STEP     10, STRESS PERIOD      2
 UBDSV1 SAVING           STO-SY ON UNIT   1014 AT TIME STEP     10, STRESS PERIOD      2
 UBDSV1 SAVING     FLOW-JA-FACE ON UNIT   1014 AT TIME STEP     10, STRESS PERIOD      2
 UBDSV06 SAVING       DATA-SPDIS IN MODEL GWF_WS_EXAMPLE_1 PACKAGE NPF             CONNECTED TO MODEL GWF_WS_EXAMPLE_1 PACKAGE NPF              ON UNIT   1014 AT TIME STEP     10, STRESS PERIOD      2
 UBDSV06 SAVING              WEL IN MODEL GWF_WS_EXAMPLE_1 PACKAGE GWF_WS_EXAMPLE_1CONNECTED TO MODEL GWF_WS_EXAMPLE_1 PACKAGE WEL-1            ON UNIT   1014 AT TIME STEP     10, STRESS PERIOD      2
 UBDSV06 SAVING              CHD IN MODEL GWF_WS_EXAMPLE_1 PACKAGE GWF_WS_EXAMPLE_1CONNECTED TO MODEL GWF_WS_EXAMPLE_1 PACKAGE CHD-1            ON UNIT   1014 AT TIME STEP     10, STRESS PERIOD      2

 HEAD WILL BE SAVED ON UNIT 1015 AT END OF TIME STEP   10, STRESS PERIOD    2

end timestep


start timestep kper="2" kstp="11" mode="normal"

 UBDSV1 SAVING           STO-SS ON UNIT   1014 AT TIME STEP     11, STRESS PERIOD      2
 UBDSV1 SAVING           STO-SY ON UNIT   1014 AT TIME STEP     11, STRESS PERIOD      2
 UBDSV1 SAVING     FLOW-JA-FACE ON UNIT   1014 AT TIME STEP     11, STRESS PERIOD      2
 UBDSV06 SAVING       DATA-SPDIS IN MODEL GWF_WS_EXAMPLE_1 PACKAGE NPF             CONNECTED TO MODEL GWF_WS_EXAMPLE_1 PACKAGE NPF              ON UNIT   1014 AT TIME STEP     11, STRESS PERIOD      2
 UBDSV06 SAVING              WEL IN MODEL GWF_WS_EXAMPLE_1 PACKAGE GWF_WS_EXAMPLE_1CONNECTED TO MODEL GWF_WS_EXAMPLE_1 PACKAGE WEL-1            ON UNIT   1014 AT TIME STEP     11, STRESS PERIOD      2
 UBDSV06 SAVING              CHD IN MODEL GWF_WS_EXAMPLE_1 PACKAGE GWF_WS_EXAMPLE_1CONNECTED TO MODEL GWF_WS_EXAMPLE_1 PACKAGE CHD-1            ON UNIT   1014 AT TIME STEP     11, STRESS PERIOD      2

 HEAD WILL BE SAVED ON UNIT 1015 AT END OF TIME STEP   11, STRESS PERIOD    2

end timestep


start timestep kper="2" kstp="12" mode="normal"

 UBDSV1 SAVING           STO-SS ON UNIT   1014 AT TIME STEP     12, STRESS PERIOD      2
 UBDSV1 SAVING           STO-SY ON UNIT   1014 AT TIME STEP     12, STRESS PERIOD      2
 UBDSV1 SAVING     FLOW-JA-FACE ON UNIT   1014 AT TIME STEP     12, STRESS PERIOD      2
 UBDSV06 SAVING       DATA-SPDIS IN MODEL GWF_WS_EXAMPLE_1 PACKAGE NPF             CONNECTED TO MODEL GWF_WS_EXAMPLE_1 PACKAGE NPF              ON UNIT   1014 AT TIME STEP     12, STRESS PERIOD      2
 UBDSV06 SAVING              WEL IN MODEL GWF_WS_EXAMPLE_1 PACKAGE GWF_WS_EXAMPLE_1CONNECTED TO MODEL GWF_WS_EXAMPLE_1 PACKAGE WEL-1            ON UNIT   1014 AT TIME STEP     12, STRESS PERIOD      2
 UBDSV06 SAVING              CHD IN MODEL GWF_WS_EXAMPLE_1 PACKAGE GWF_WS_EXAMPLE_1CONNECTED TO MODEL GWF_WS_EXAMPLE_1 PACKAGE CHD-1            ON UNIT   1014 AT TIME STEP     12, STRESS PERIOD      2

 HEAD WILL BE SAVED ON UNIT 1015 AT END OF TIME STEP   12, STRESS PERIOD    2

end timestep


start timestep kper="2" kstp="13" mode="normal"

 UBDSV1 SAVING           STO-SS ON UNIT   1014 AT TIME STEP     13, STRESS PERIOD      2
 UBDSV1 SAVING           STO-SY ON UNIT   1014 AT TIME STEP     13, STRESS PERIOD      2
 UBDSV1 SAVING     FLOW-JA-FACE ON UNIT   1014 AT TIME STEP     13, STRESS PERIOD      2
 UBDSV06 SAVING       DATA-SPDIS IN MODEL GWF_WS_EXAMPLE_1 PACKAGE NPF             CONNECTED TO MODEL GWF_WS_EXAMPLE_1 PACKAGE NPF              ON UNIT   1014 AT TIME STEP     13, STRESS PERIOD      2
 UBDSV06 SAVING              WEL IN MODEL GWF_WS_EXAMPLE_1 PACKAGE GWF_WS_EXAMPLE_1CONNECTED TO MODEL GWF_WS_EXAMPLE_1 PACKAGE WEL-1            ON UNIT   1014 AT TIME STEP     13, STRESS PERIOD      2
 UBDSV06 SAVING              CHD IN MODEL GWF_WS_EXAMPLE_1 PACKAGE GWF_WS_EXAMPLE_1CONNECTED TO MODEL GWF_WS_EXAMPLE_1 PACKAGE CHD-1            ON UNIT   1014 AT TIME STEP     13, STRESS PERIOD      2

 HEAD WILL BE SAVED ON UNIT 1015 AT END OF TIME STEP   13, STRESS PERIOD    2

end timestep


start timestep kper="2" kstp="14" mode="normal"

 UBDSV1 SAVING           STO-SS ON UNIT   1014 AT TIME STEP     14, STRESS PERIOD      2
 UBDSV1 SAVING           STO-SY ON UNIT   1014 AT TIME STEP     14, STRESS PERIOD      2
 UBDSV1 SAVING     FLOW-JA-FACE ON UNIT   1014 AT TIME STEP     14, STRESS PERIOD      2
 UBDSV06 SAVING       DATA-SPDIS IN MODEL GWF_WS_EXAMPLE_1 PACKAGE NPF             CONNECTED TO MODEL GWF_WS_EXAMPLE_1 PACKAGE NPF              ON UNIT   1014 AT TIME STEP     14, STRESS PERIOD      2
 UBDSV06 SAVING              WEL IN MODEL GWF_WS_EXAMPLE_1 PACKAGE GWF_WS_EXAMPLE_1CONNECTED TO MODEL GWF_WS_EXAMPLE_1 PACKAGE WEL-1            ON UNIT   1014 AT TIME STEP     14, STRESS PERIOD      2
 UBDSV06 SAVING              CHD IN MODEL GWF_WS_EXAMPLE_1 PACKAGE GWF_WS_EXAMPLE_1CONNECTED TO MODEL GWF_WS_EXAMPLE_1 PACKAGE CHD-1            ON UNIT   1014 AT TIME STEP     14, STRESS PERIOD      2

 HEAD WILL BE SAVED ON UNIT 1015 AT END OF TIME STEP   14, STRESS PERIOD    2

end timestep


start timestep kper="2" kstp="15" mode="normal"

 UBDSV1 SAVING           STO-SS ON UNIT   1014 AT TIME STEP     15, STRESS PERIOD      2
 UBDSV1 SAVING           STO-SY ON UNIT   1014 AT TIME STEP     15, STRESS PERIOD      2
 UBDSV1 SAVING     FLOW-JA-FACE ON UNIT   1014 AT TIME STEP     15, STRESS PERIOD      2
 UBDSV06 SAVING       DATA-SPDIS IN MODEL GWF_WS_EXAMPLE_1 PACKAGE NPF             CONNECTED TO MODEL GWF_WS_EXAMPLE_1 PACKAGE NPF              ON UNIT   1014 AT TIME STEP     15, STRESS PERIOD      2
 UBDSV06 SAVING              WEL IN MODEL GWF_WS_EXAMPLE_1 PACKAGE GWF_WS_EXAMPLE_1CONNECTED TO MODEL GWF_WS_EXAMPLE_1 PACKAGE WEL-1            ON UNIT   1014 AT TIME STEP     15, STRESS PERIOD      2
 UBDSV06 SAVING              CHD IN MODEL GWF_WS_EXAMPLE_1 PACKAGE GWF_WS_EXAMPLE_1CONNECTED TO MODEL GWF_WS_EXAMPLE_1 PACKAGE CHD-1            ON UNIT   1014 AT TIME STEP     15, STRESS PERIOD      2

 HEAD WILL BE SAVED ON UNIT 1015 AT END OF TIME STEP   15, STRESS PERIOD    2

end timestep


start timestep kper="2" kstp="16" mode="normal"

 UBDSV1 SAVING           STO-SS ON UNIT   1014 AT TIME STEP     16, STRESS PERIOD      2
 UBDSV1 SAVING           STO-SY ON UNIT   1014 AT TIME STEP     16, STRESS PERIOD      2
 UBDSV1 SAVING     FLOW-JA-FACE ON UNIT   1014 AT TIME STEP     16, STRESS PERIOD      2
 UBDSV06 SAVING       DATA-SPDIS IN MODEL GWF_WS_EXAMPLE_1 PACKAGE NPF             CONNECTED TO MODEL GWF_WS_EXAMPLE_1 PACKAGE NPF              ON UNIT   1014 AT TIME STEP     16, STRESS PERIOD      2
 UBDSV06 SAVING              WEL IN MODEL GWF_WS_EXAMPLE_1 PACKAGE GWF_WS_EXAMPLE_1CONNECTED TO MODEL GWF_WS_EXAMPLE_1 PACKAGE WEL-1            ON UNIT   1014 AT TIME STEP     16, STRESS PERIOD      2
 UBDSV06 SAVING              CHD IN MODEL GWF_WS_EXAMPLE_1 PACKAGE GWF_WS_EXAMPLE_1CONNECTED TO MODEL GWF_WS_EXAMPLE_1 PACKAGE CHD-1            ON UNIT   1014 AT TIME STEP     16, STRESS PERIOD      2

 HEAD WILL BE SAVED ON UNIT 1015 AT END OF TIME STEP   16, STRESS PERIOD    2

end timestep


start timestep kper="2" kstp="17" mode="normal"

 UBDSV1 SAVING           STO-SS ON UNIT   1014 AT TIME STEP     17, STRESS PERIOD      2
 UBDSV1 SAVING           STO-SY ON UNIT   1014 AT TIME STEP     17, STRESS PERIOD      2
 UBDSV1 SAVING     FLOW-JA-FACE ON UNIT   1014 AT TIME STEP     17, STRESS PERIOD      2
 UBDSV06 SAVING       DATA-SPDIS IN MODEL GWF_WS_EXAMPLE_1 PACKAGE NPF             CONNECTED TO MODEL GWF_WS_EXAMPLE_1 PACKAGE NPF              ON UNIT   1014 AT TIME STEP     17, STRESS PERIOD      2
 UBDSV06 SAVING              WEL IN MODEL GWF_WS_EXAMPLE_1 PACKAGE GWF_WS_EXAMPLE_1CONNECTED TO MODEL GWF_WS_EXAMPLE_1 PACKAGE WEL-1            ON UNIT   1014 AT TIME STEP     17, STRESS PERIOD      2
 UBDSV06 SAVING              CHD IN MODEL GWF_WS_EXAMPLE_1 PACKAGE GWF_WS_EXAMPLE_1CONNECTED TO MODEL GWF_WS_EXAMPLE_1 PACKAGE CHD-1            ON UNIT   1014 AT TIME STEP     17, STRESS PERIOD      2

 HEAD WILL BE SAVED ON UNIT 1015 AT END OF TIME STEP   17, STRESS PERIOD    2

end timestep


start timestep kper="2" kstp="18" mode="normal"

 UBDSV1 SAVING           STO-SS ON UNIT   1014 AT TIME STEP     18, STRESS PERIOD      2
 UBDSV1 SAVING           STO-SY ON UNIT   1014 AT TIME STEP     18, STRESS PERIOD      2
 UBDSV1 SAVING     FLOW-JA-FACE ON UNIT   1014 AT TIME STEP     18, STRESS PERIOD      2
 UBDSV06 SAVING       DATA-SPDIS IN MODEL GWF_WS_EXAMPLE_1 PACKAGE NPF             CONNECTED TO MODEL GWF_WS_EXAMPLE_1 PACKAGE NPF              ON UNIT   1014 AT TIME STEP     18, STRESS PERIOD      2
 UBDSV06 SAVING              WEL IN MODEL GWF_WS_EXAMPLE_1 PACKAGE GWF_WS_EXAMPLE_1CONNECTED TO MODEL GWF_WS_EXAMPLE_1 PACKAGE WEL-1            ON UNIT   1014 AT TIME STEP     18, STRESS PERIOD      2
 UBDSV06 SAVING              CHD IN MODEL GWF_WS_EXAMPLE_1 PACKAGE GWF_WS_EXAMPLE_1CONNECTED TO MODEL GWF_WS_EXAMPLE_1 PACKAGE CHD-1            ON UNIT   1014 AT TIME STEP     18, STRESS PERIOD      2

 HEAD WILL BE SAVED ON UNIT 1015 AT END OF TIME STEP   18, STRESS PERIOD    2

end timestep


start timestep kper="2" kstp="19" mode="normal"

 UBDSV1 SAVING           STO-SS ON UNIT   1014 AT TIME STEP     19, STRESS PERIOD      2
 UBDSV1 SAVING           STO-SY ON UNIT   1014 AT TIME STEP     19, STRESS PERIOD      2
 UBDSV1 SAVING     FLOW-JA-FACE ON UNIT   1014 AT TIME STEP     19, STRESS PERIOD      2
 UBDSV06 SAVING       DATA-SPDIS IN MODEL GWF_WS_EXAMPLE_1 PACKAGE NPF             CONNECTED TO MODEL GWF_WS_EXAMPLE_1 PACKAGE NPF              ON UNIT   1014 AT TIME STEP     19, STRESS PERIOD      2
 UBDSV06 SAVING              WEL IN MODEL GWF_WS_EXAMPLE_1 PACKAGE GWF_WS_EXAMPLE_1CONNECTED TO MODEL GWF_WS_EXAMPLE_1 PACKAGE WEL-1            ON UNIT   1014 AT TIME STEP     19, STRESS PERIOD      2
 UBDSV06 SAVING              CHD IN MODEL GWF_WS_EXAMPLE_1 PACKAGE GWF_WS_EXAMPLE_1CONNECTED TO MODEL GWF_WS_EXAMPLE_1 PACKAGE CHD-1            ON UNIT   1014 AT TIME STEP     19, STRESS PERIOD      2

 HEAD WILL BE SAVED ON UNIT 1015 AT END OF TIME STEP   19, STRESS PERIOD    2

end timestep


start timestep kper="2" kstp="20" mode="normal"

 UBDSV1 SAVING           STO-SS ON UNIT   1014 AT TIME STEP     20, STRESS PERIOD      2
 UBDSV1 SAVING           STO-SY ON UNIT   1014 AT TIME STEP     20, STRESS PERIOD      2
 UBDSV1 SAVING     FLOW-JA-FACE ON UNIT   1014 AT TIME STEP     20, STRESS PERIOD      2
 UBDSV06 SAVING       DATA-SPDIS IN MODEL GWF_WS_EXAMPLE_1 PACKAGE NPF             CONNECTED TO MODEL GWF_WS_EXAMPLE_1 PACKAGE NPF              ON UNIT   1014 AT TIME STEP     20, STRESS PERIOD      2
 UBDSV06 SAVING              WEL IN MODEL GWF_WS_EXAMPLE_1 PACKAGE GWF_WS_EXAMPLE_1CONNECTED TO MODEL GWF_WS_EXAMPLE_1 PACKAGE WEL-1            ON UNIT   1014 AT TIME STEP     20, STRESS PERIOD      2
 UBDSV06 SAVING              CHD IN MODEL GWF_WS_EXAMPLE_1 PACKAGE GWF_WS_EXAMPLE_1CONNECTED TO MODEL GWF_WS_EXAMPLE_1 PACKAGE CHD-1            ON UNIT   1014 AT TIME STEP     20, STRESS PERIOD      2

 HEAD WILL BE SAVED ON UNIT 1015 AT END OF TIME STEP   20, STRESS PERIOD    2


  VOLUME BUDGET FOR ENTIRE MODEL AT END OF TIME STEP   20, STRESS PERIOD   2
  ---------------------------------------------------------------------------------------------------

     CUMULATIVE VOLUME      L**3       RATES FOR THIS TIME STEP      L**3/T          PACKAGE NAME    
     ------------------                 ------------------------                     ----------------

           IN:                                      IN:
           ---                                      ---
              STO-SS =           0.4647                STO-SS =       3.0550E-06     STORAGE                          
              STO-SY =           0.0000                STO-SY =           0.0000     STORAGE                          
                 WEL =           0.0000                   WEL =           0.0000     WEL-1                            
                 CHD =       15746.8810                   CHD =          52.4482     CHD-1                            

            TOTAL IN =       15747.3457              TOTAL IN =          52.4482

          OUT:                                     OUT:
          ----                                     ----
              STO-SS =       8.4143E-04                STO-SS =       2.3332E-06     STORAGE                          
              STO-SY =           0.0000                STO-SY =           0.0000     STORAGE                          
                 WEL =       15000.0000                   WEL =          50.0000     WEL-1                            
                 CHD =         862.5351                   CHD =           2.8310     CHD-1                            

           TOTAL OUT =       15862.5359             TOTAL OUT =          52.8310

            IN - OUT =        -115.1902              IN - OUT =          -0.3828

 PERCENT DISCREPANCY =          -0.73     PERCENT DISCREPANCY =          -0.73




         TIME SUMMARY AT END OF TIME STEP   20 IN STRESS PERIOD    2
                    SECONDS     MINUTES      HOURS       DAYS        YEARS
                    -----------------------------------------------------------
   TIME STEP LENGTH 1.29600E+06  21600.      360.00      15.000     4.10678E-02
 STRESS PERIOD TIME 2.59200E+07 4.32000E+05  7200.0      300.00     0.82136    
         TOTAL TIME 2.60064E+07 4.33440E+05  7224.0      301.00     0.82409    


end timestep

